--
-- Preparing
--
SET allow_in_place_tablespaces = true;
CREATE TABLESPACE test_tablespace LOCATION '';
RESET allow_in_place_tablespaces;
CREATE DATABASE test_database_1;
CREATE DATABASE test_database_2;
\c test_database_1 \\
CREATE EXTENSION buffercache_tools;
CREATE TABLE test_table_1(col integer) 
    WITH (autovacuum_enabled = off)
    TABLESPACE pg_default;
INSERT INTO test_table_1 
    SELECT 1 FROM generate_series(1,1000); 
CREATE VIEW tt_1 AS 
    SELECT blocknumber, dirty, pinning, fork 
        FROM pg_show_relation_buf('test_table_1') 
        ORDER BY fork, blocknumber; 
CREATE TABLE test_table_2(col integer) 
    WITH (autovacuum_enabled = off)
    TABLESPACE test_tablespace;
INSERT INTO test_table_2 
    SELECT 1 FROM generate_series(1,1000); 
CREATE VIEW tt_2 AS 
    SELECT blocknumber, dirty, pinning, fork 
        FROM pg_show_relation_buf('test_table_2') 
        ORDER BY fork, blocknumber; 
\c test_database_2 \\
CREATE EXTENSION buffercache_tools;
CREATE TABLE test_table_3(col integer) 
    WITH (autovacuum_enabled = off)
    TABLESPACE pg_default;
INSERT INTO test_table_3 
    SELECT 1 FROM generate_series(1,1000); 
CREATE VIEW tt_3 AS 
    SELECT blocknumber, dirty, pinning, fork 
        FROM pg_show_relation_buf('test_table_3') 
        ORDER BY fork, blocknumber; 
VACUUM;
CHECKPOINT;
\c test_database_1 \\
VACUUM;
CHECKPOINT;
-- 
-- Check pg_mark_dirty_buf() and pg_flush_buf()
--
SELECT * FROM tt_1;
 blocknumber | dirty | pinning | fork 
-------------+-------+---------+------
           0 | f     |       0 | fsm
           1 | f     |       0 | fsm
           2 | f     |       0 | fsm
           0 | f     |       0 | main
           1 | f     |       0 | main
           2 | f     |       0 | main
           3 | f     |       0 | main
           4 | f     |       0 | main
           0 | f     |       0 | vm
(9 rows)

SELECT pg_mark_dirty_buf(
    ( 
        SELECT buffernumber 
            FROM pg_show_relation_buf('test_table_1') 
            ORDER BY fork, blocknumber
            LIMIT 1
    )::integer
);
 pg_mark_dirty_buf 
-------------------
 t
(1 row)

SELECT * FROM tt_1;
 blocknumber | dirty | pinning | fork 
-------------+-------+---------+------
           0 | t     |       0 | fsm
           1 | f     |       0 | fsm
           2 | f     |       0 | fsm
           0 | f     |       0 | main
           1 | f     |       0 | main
           2 | f     |       0 | main
           3 | f     |       0 | main
           4 | f     |       0 | main
           0 | f     |       0 | vm
(9 rows)

SELECT pg_flush_buf(
    ( 
        SELECT buffernumber 
            FROM pg_show_relation_buf('test_table_1') 
            ORDER BY fork, blocknumber 
            LIMIT 1
    )::integer
);
 pg_flush_buf 
--------------
 t
(1 row)

SELECT * FROM tt_1;
 blocknumber | dirty | pinning | fork 
-------------+-------+---------+------
           0 | f     |       0 | fsm
           1 | f     |       0 | fsm
           2 | f     |       0 | fsm
           0 | f     |       0 | main
           1 | f     |       0 | main
           2 | f     |       0 | main
           3 | f     |       0 | main
           4 | f     |       0 | main
           0 | f     |       0 | vm
(9 rows)

-- 
-- Check pg_mark_dirty_relation_fork_buf() and pg_flush_relation_fork_buf()
--
SELECT * FROM tt_1;
 blocknumber | dirty | pinning | fork 
-------------+-------+---------+------
           0 | f     |       0 | fsm
           1 | f     |       0 | fsm
           2 | f     |       0 | fsm
           0 | f     |       0 | main
           1 | f     |       0 | main
           2 | f     |       0 | main
           3 | f     |       0 | main
           4 | f     |       0 | main
           0 | f     |       0 | vm
(9 rows)

SELECT pg_mark_dirty_relation_fork_buf('test_table_1', 'main');
 pg_mark_dirty_relation_fork_buf 
---------------------------------
 t
(1 row)

SELECT * FROM tt_1;
 blocknumber | dirty | pinning | fork 
-------------+-------+---------+------
           0 | f     |       0 | fsm
           1 | f     |       0 | fsm
           2 | f     |       0 | fsm
           0 | t     |       0 | main
           1 | t     |       0 | main
           2 | t     |       0 | main
           3 | t     |       0 | main
           4 | t     |       0 | main
           0 | f     |       0 | vm
(9 rows)

SELECT pg_flush_relation_fork_buf('test_table_1', 'main');
 pg_flush_relation_fork_buf 
----------------------------
 t
(1 row)

SELECT * FROM tt_1;
 blocknumber | dirty | pinning | fork 
-------------+-------+---------+------
           0 | f     |       0 | fsm
           1 | f     |       0 | fsm
           2 | f     |       0 | fsm
           0 | f     |       0 | main
           1 | f     |       0 | main
           2 | f     |       0 | main
           3 | f     |       0 | main
           4 | f     |       0 | main
           0 | f     |       0 | vm
(9 rows)

-- 
-- Check pg_mark_dirty_relation_buf() and pg_flush_relation_buf()
--
SELECT * FROM tt_1;
 blocknumber | dirty | pinning | fork 
-------------+-------+---------+------
           0 | f     |       0 | fsm
           1 | f     |       0 | fsm
           2 | f     |       0 | fsm
           0 | f     |       0 | main
           1 | f     |       0 | main
           2 | f     |       0 | main
           3 | f     |       0 | main
           4 | f     |       0 | main
           0 | f     |       0 | vm
(9 rows)

SELECT pg_mark_dirty_relation_buf('test_table_1');
 pg_mark_dirty_relation_buf 
----------------------------
 t
(1 row)

SELECT * FROM tt_1;
 blocknumber | dirty | pinning | fork 
-------------+-------+---------+------
           0 | t     |       0 | fsm
           1 | t     |       0 | fsm
           2 | t     |       0 | fsm
           0 | t     |       0 | main
           1 | t     |       0 | main
           2 | t     |       0 | main
           3 | t     |       0 | main
           4 | t     |       0 | main
           0 | t     |       0 | vm
(9 rows)

SELECT pg_flush_relation_buf('test_table_1');
 pg_flush_relation_buf 
-----------------------
 t
(1 row)

SELECT * FROM tt_1;
 blocknumber | dirty | pinning | fork 
-------------+-------+---------+------
           0 | f     |       0 | fsm
           1 | f     |       0 | fsm
           2 | f     |       0 | fsm
           0 | f     |       0 | main
           1 | f     |       0 | main
           2 | f     |       0 | main
           3 | f     |       0 | main
           4 | f     |       0 | main
           0 | f     |       0 | vm
(9 rows)

-- 
-- Check pg_mark_dirty_database_buf() and pg_flush_database_buf()
--
SELECT * FROM tt_1;
 blocknumber | dirty | pinning | fork 
-------------+-------+---------+------
           0 | f     |       0 | fsm
           1 | f     |       0 | fsm
           2 | f     |       0 | fsm
           0 | f     |       0 | main
           1 | f     |       0 | main
           2 | f     |       0 | main
           3 | f     |       0 | main
           4 | f     |       0 | main
           0 | f     |       0 | vm
(9 rows)

SELECT * FROM tt_2;
 blocknumber | dirty | pinning | fork 
-------------+-------+---------+------
           0 | f     |       0 | fsm
           1 | f     |       0 | fsm
           2 | f     |       0 | fsm
           0 | f     |       0 | main
           1 | f     |       0 | main
           2 | f     |       0 | main
           3 | f     |       0 | main
           4 | f     |       0 | main
           0 | f     |       0 | vm
(9 rows)

\c test_database_2 \\
SELECT * FROM tt_3;
 blocknumber | dirty | pinning | fork 
-------------+-------+---------+------
           0 | f     |       0 | fsm
           1 | f     |       0 | fsm
           2 | f     |       0 | fsm
           0 | f     |       0 | main
           1 | f     |       0 | main
           2 | f     |       0 | main
           3 | f     |       0 | main
           4 | f     |       0 | main
           0 | f     |       0 | vm
(9 rows)

\c test_database_1 \\
SELECT pg_mark_dirty_database_buf(
    (
        SELECT oid 
            FROM pg_database 
            WHERE datname = 'test_database_1'
    )::oid  
);
 pg_mark_dirty_database_buf 
----------------------------
 t
(1 row)

SELECT * FROM tt_1;
 blocknumber | dirty | pinning | fork 
-------------+-------+---------+------
           0 | t     |       0 | fsm
           1 | t     |       0 | fsm
           2 | t     |       0 | fsm
           0 | t     |       0 | main
           1 | t     |       0 | main
           2 | t     |       0 | main
           3 | t     |       0 | main
           4 | t     |       0 | main
           0 | t     |       0 | vm
(9 rows)

SELECT * FROM tt_2;
 blocknumber | dirty | pinning | fork 
-------------+-------+---------+------
           0 | t     |       0 | fsm
           1 | t     |       0 | fsm
           2 | t     |       0 | fsm
           0 | t     |       0 | main
           1 | t     |       0 | main
           2 | t     |       0 | main
           3 | t     |       0 | main
           4 | t     |       0 | main
           0 | t     |       0 | vm
(9 rows)

\c test_database_2 \\
SELECT * FROM tt_3;
 blocknumber | dirty | pinning | fork 
-------------+-------+---------+------
           0 | f     |       0 | fsm
           1 | f     |       0 | fsm
           2 | f     |       0 | fsm
           0 | f     |       0 | main
           1 | f     |       0 | main
           2 | f     |       0 | main
           3 | f     |       0 | main
           4 | f     |       0 | main
           0 | f     |       0 | vm
(9 rows)

\c test_database_1 \\
SELECT pg_flush_database_buf(
    (
        SELECT oid 
            FROM pg_database 
            WHERE datname = 'test_database_1'
    )::oid  
);
 pg_flush_database_buf 
-----------------------
 t
(1 row)

SELECT * FROM tt_1;
 blocknumber | dirty | pinning | fork 
-------------+-------+---------+------
           0 | f     |       0 | fsm
           1 | f     |       0 | fsm
           2 | f     |       0 | fsm
           0 | f     |       0 | main
           1 | f     |       0 | main
           2 | f     |       0 | main
           3 | f     |       0 | main
           4 | f     |       0 | main
           0 | f     |       0 | vm
(9 rows)

SELECT * FROM tt_2;
 blocknumber | dirty | pinning | fork 
-------------+-------+---------+------
           0 | f     |       0 | fsm
           1 | f     |       0 | fsm
           2 | f     |       0 | fsm
           0 | f     |       0 | main
           1 | f     |       0 | main
           2 | f     |       0 | main
           3 | f     |       0 | main
           4 | f     |       0 | main
           0 | f     |       0 | vm
(9 rows)

\c test_database_2 \\
SELECT * FROM tt_3;
 blocknumber | dirty | pinning | fork 
-------------+-------+---------+------
           0 | f     |       0 | fsm
           1 | f     |       0 | fsm
           2 | f     |       0 | fsm
           0 | f     |       0 | main
           1 | f     |       0 | main
           2 | f     |       0 | main
           3 | f     |       0 | main
           4 | f     |       0 | main
           0 | f     |       0 | vm
(9 rows)

\c test_database_1 \\
-- 
-- Check pg_mark_dirty_tablespace_buf() and pg_flush_tablespace_buf()
--
SELECT * FROM tt_1;
 blocknumber | dirty | pinning | fork 
-------------+-------+---------+------
           0 | f     |       0 | fsm
           1 | f     |       0 | fsm
           2 | f     |       0 | fsm
           0 | f     |       0 | main
           1 | f     |       0 | main
           2 | f     |       0 | main
           3 | f     |       0 | main
           4 | f     |       0 | main
           0 | f     |       0 | vm
(9 rows)

SELECT * FROM tt_2;
 blocknumber | dirty | pinning | fork 
-------------+-------+---------+------
           0 | f     |       0 | fsm
           1 | f     |       0 | fsm
           2 | f     |       0 | fsm
           0 | f     |       0 | main
           1 | f     |       0 | main
           2 | f     |       0 | main
           3 | f     |       0 | main
           4 | f     |       0 | main
           0 | f     |       0 | vm
(9 rows)

\c test_database_2 \\
SELECT * FROM tt_3;
 blocknumber | dirty | pinning | fork 
-------------+-------+---------+------
           0 | f     |       0 | fsm
           1 | f     |       0 | fsm
           2 | f     |       0 | fsm
           0 | f     |       0 | main
           1 | f     |       0 | main
           2 | f     |       0 | main
           3 | f     |       0 | main
           4 | f     |       0 | main
           0 | f     |       0 | vm
(9 rows)

\c test_database_1 \\
SELECT pg_mark_dirty_tablespace_buf(
    (
        SELECT oid 
            FROM pg_tablespace 
            WHERE spcname = 'test_tablespace'
    )::oid  
);
 pg_mark_dirty_tablespace_buf 
------------------------------
 t
(1 row)

SELECT * FROM tt_1;
 blocknumber | dirty | pinning | fork 
-------------+-------+---------+------
           0 | f     |       0 | fsm
           1 | f     |       0 | fsm
           2 | f     |       0 | fsm
           0 | f     |       0 | main
           1 | f     |       0 | main
           2 | f     |       0 | main
           3 | f     |       0 | main
           4 | f     |       0 | main
           0 | f     |       0 | vm
(9 rows)

SELECT * FROM tt_2;
 blocknumber | dirty | pinning | fork 
-------------+-------+---------+------
           0 | t     |       0 | fsm
           1 | t     |       0 | fsm
           2 | t     |       0 | fsm
           0 | t     |       0 | main
           1 | t     |       0 | main
           2 | t     |       0 | main
           3 | t     |       0 | main
           4 | t     |       0 | main
           0 | t     |       0 | vm
(9 rows)

\c test_database_2 \\
SELECT * FROM tt_3;
 blocknumber | dirty | pinning | fork 
-------------+-------+---------+------
           0 | f     |       0 | fsm
           1 | f     |       0 | fsm
           2 | f     |       0 | fsm
           0 | f     |       0 | main
           1 | f     |       0 | main
           2 | f     |       0 | main
           3 | f     |       0 | main
           4 | f     |       0 | main
           0 | f     |       0 | vm
(9 rows)

\c test_database_1 \\
SELECT pg_flush_tablespace_buf(
    (
        SELECT oid 
            FROM pg_tablespace 
            WHERE spcname = 'test_tablespace'
    )::oid  
);
 pg_flush_tablespace_buf 
-------------------------
 t
(1 row)

SELECT * FROM tt_1;
 blocknumber | dirty | pinning | fork 
-------------+-------+---------+------
           0 | f     |       0 | fsm
           1 | f     |       0 | fsm
           2 | f     |       0 | fsm
           0 | f     |       0 | main
           1 | f     |       0 | main
           2 | f     |       0 | main
           3 | f     |       0 | main
           4 | f     |       0 | main
           0 | f     |       0 | vm
(9 rows)

SELECT * FROM tt_2;
 blocknumber | dirty | pinning | fork 
-------------+-------+---------+------
           0 | f     |       0 | fsm
           1 | f     |       0 | fsm
           2 | f     |       0 | fsm
           0 | f     |       0 | main
           1 | f     |       0 | main
           2 | f     |       0 | main
           3 | f     |       0 | main
           4 | f     |       0 | main
           0 | f     |       0 | vm
(9 rows)

\c test_database_2 \\
SELECT * FROM tt_3;
 blocknumber | dirty | pinning | fork 
-------------+-------+---------+------
           0 | f     |       0 | fsm
           1 | f     |       0 | fsm
           2 | f     |       0 | fsm
           0 | f     |       0 | main
           1 | f     |       0 | main
           2 | f     |       0 | main
           3 | f     |       0 | main
           4 | f     |       0 | main
           0 | f     |       0 | vm
(9 rows)

\c test_database_1 \\
-- 
-- Check pg_read_page_into_buf()
--
SELECT (
    (SELECT pg_read_page_into_buf('test_table_1', 'main', 0)) = 
    (SELECT buffernumber FROM pg_show_relation_buf('test_table_1') 
        WHERE blocknumber = 0 AND fork = 'main')
);
 ?column? 
----------
 t
(1 row)

--
-- Ending
--
DROP TABLE test_table_1;
DROP TABLE test_table_2;
\c test_database_2 \\
DROP TABLE test_table_3;
DROP TABLESPACE test_tablespace;
\c template1 \\
DROP DATABASE test_database_1;
DROP DATABASE test_database_2;
